Archive member included to satisfy reference by file (symbol)

/home/sermountain/gcc-arm-none-eabi-5_4-2016q3/bin/../lib/gcc/arm-none-eabi/5.4.1/armv7e-m/libgcc.a(_arm_addsubsf3.o)
                              CMakeFiles/xlgyro.elf.dir/Drivers/LSM9DS1/src/lsm9ds1.c.obj (__aeabi_i2f)
/home/sermountain/gcc-arm-none-eabi-5_4-2016q3/bin/../lib/gcc/arm-none-eabi/5.4.1/armv7e-m/libgcc.a(_arm_muldivsf3.o)
                              CMakeFiles/xlgyro.elf.dir/Drivers/LSM9DS1/src/lsm9ds1.c.obj (__aeabi_fmul)
/home/sermountain/gcc-arm-none-eabi-5_4-2016q3/bin/../lib/gcc/arm-none-eabi/5.4.1/armv7e-m/libgcc.a(_aeabi_uldivmod.o)
                              CMakeFiles/xlgyro.elf.dir/Drivers/STM32F4xx_HAL_Driver/Src/stm32f4xx_hal_rcc.c.obj (__aeabi_uldivmod)
/home/sermountain/gcc-arm-none-eabi-5_4-2016q3/bin/../lib/gcc/arm-none-eabi/5.4.1/armv7e-m/libgcc.a(_udivmoddi4.o)
                              /home/sermountain/gcc-arm-none-eabi-5_4-2016q3/bin/../lib/gcc/arm-none-eabi/5.4.1/armv7e-m/libgcc.a(_aeabi_uldivmod.o) (__udivmoddi4)
/home/sermountain/gcc-arm-none-eabi-5_4-2016q3/bin/../lib/gcc/arm-none-eabi/5.4.1/armv7e-m/libgcc.a(_dvmd_tls.o)
                              /home/sermountain/gcc-arm-none-eabi-5_4-2016q3/bin/../lib/gcc/arm-none-eabi/5.4.1/armv7e-m/libgcc.a(_aeabi_uldivmod.o) (__aeabi_ldiv0)
/home/sermountain/gcc-arm-none-eabi-5_4-2016q3/bin/../lib/gcc/arm-none-eabi/5.4.1/../../../../arm-none-eabi/lib/armv7e-m/libg.a(lib_a-errno.o)
                              CMakeFiles/xlgyro.elf.dir/Src/syscalls.c.obj (__errno)
/home/sermountain/gcc-arm-none-eabi-5_4-2016q3/bin/../lib/gcc/arm-none-eabi/5.4.1/../../../../arm-none-eabi/lib/armv7e-m/libg.a(lib_a-exit.o)
                              /home/sermountain/gcc-arm-none-eabi-5_4-2016q3/bin/../lib/gcc/arm-none-eabi/5.4.1/../../../../arm-none-eabi/lib/armv7e-m/crt0.o (exit)
/home/sermountain/gcc-arm-none-eabi-5_4-2016q3/bin/../lib/gcc/arm-none-eabi/5.4.1/../../../../arm-none-eabi/lib/armv7e-m/libg.a(lib_a-impure.o)
                              /home/sermountain/gcc-arm-none-eabi-5_4-2016q3/bin/../lib/gcc/arm-none-eabi/5.4.1/../../../../arm-none-eabi/lib/armv7e-m/libg.a(lib_a-exit.o) (_global_impure_ptr)
/home/sermountain/gcc-arm-none-eabi-5_4-2016q3/bin/../lib/gcc/arm-none-eabi/5.4.1/../../../../arm-none-eabi/lib/armv7e-m/libg.a(lib_a-init.o)
                              /home/sermountain/gcc-arm-none-eabi-5_4-2016q3/bin/../lib/gcc/arm-none-eabi/5.4.1/../../../../arm-none-eabi/lib/armv7e-m/crt0.o (__libc_init_array)
/home/sermountain/gcc-arm-none-eabi-5_4-2016q3/bin/../lib/gcc/arm-none-eabi/5.4.1/../../../../arm-none-eabi/lib/armv7e-m/libg.a(lib_a-memcpy.o)
                              CMakeFiles/xlgyro.elf.dir/Drivers/LSM9DS1/src/lsm9ds1.c.obj (memcpy)
/home/sermountain/gcc-arm-none-eabi-5_4-2016q3/bin/../lib/gcc/arm-none-eabi/5.4.1/../../../../arm-none-eabi/lib/armv7e-m/libg.a(lib_a-memset.o)
                              /home/sermountain/gcc-arm-none-eabi-5_4-2016q3/bin/../lib/gcc/arm-none-eabi/5.4.1/../../../../arm-none-eabi/lib/armv7e-m/crt0.o (memset)
/home/sermountain/gcc-arm-none-eabi-5_4-2016q3/bin/../lib/gcc/arm-none-eabi/5.4.1/../../../../arm-none-eabi/lib/armv7e-m/libg.a(lib_a-__call_atexit.o)
                              /home/sermountain/gcc-arm-none-eabi-5_4-2016q3/bin/../lib/gcc/arm-none-eabi/5.4.1/../../../../arm-none-eabi/lib/armv7e-m/libg.a(lib_a-exit.o) (__call_exitprocs)
/home/sermountain/gcc-arm-none-eabi-5_4-2016q3/bin/../lib/gcc/arm-none-eabi/5.4.1/../../../../arm-none-eabi/lib/armv7e-m/libg.a(lib_a-atexit.o)
                              /home/sermountain/gcc-arm-none-eabi-5_4-2016q3/bin/../lib/gcc/arm-none-eabi/5.4.1/../../../../arm-none-eabi/lib/armv7e-m/libg.a(lib_a-__call_atexit.o) (atexit)
/home/sermountain/gcc-arm-none-eabi-5_4-2016q3/bin/../lib/gcc/arm-none-eabi/5.4.1/../../../../arm-none-eabi/lib/armv7e-m/libg.a(lib_a-fini.o)
                              /home/sermountain/gcc-arm-none-eabi-5_4-2016q3/bin/../lib/gcc/arm-none-eabi/5.4.1/../../../../arm-none-eabi/lib/armv7e-m/libg.a(lib_a-__call_atexit.o) (__libc_fini_array)
/home/sermountain/gcc-arm-none-eabi-5_4-2016q3/bin/../lib/gcc/arm-none-eabi/5.4.1/../../../../arm-none-eabi/lib/armv7e-m/libg.a(lib_a-__atexit.o)
                              /home/sermountain/gcc-arm-none-eabi-5_4-2016q3/bin/../lib/gcc/arm-none-eabi/5.4.1/../../../../arm-none-eabi/lib/armv7e-m/libg.a(lib_a-atexit.o) (__register_exitproc)

Discarded input sections

 .text          0x00000000        0x0 /home/sermountain/gcc-arm-none-eabi-5_4-2016q3/bin/../lib/gcc/arm-none-eabi/5.4.1/armv7e-m/crti.o
 .data          0x00000000        0x0 /home/sermountain/gcc-arm-none-eabi-5_4-2016q3/bin/../lib/gcc/arm-none-eabi/5.4.1/armv7e-m/crti.o
 .bss           0x00000000        0x0 /home/sermountain/gcc-arm-none-eabi-5_4-2016q3/bin/../lib/gcc/arm-none-eabi/5.4.1/armv7e-m/crti.o
 .data          0x00000000        0x4 /home/sermountain/gcc-arm-none-eabi-5_4-2016q3/bin/../lib/gcc/arm-none-eabi/5.4.1/armv7e-m/crtbegin.o
[...]
Memory Configuration

Name             Origin             Length             Attributes
CCMRAM           0x10000000         0x00010000         xrw
RAM              0x20000000         0x00020000         xrw
FLASH            0x08000000         0x00100000         xr
*default*        0x00000000         0xffffffff

Linker script and memory map

LOAD /home/sermountain/gcc-arm-none-eabi-5_4-2016q3/bin/../lib/gcc/arm-none-eabi/5.4.1/armv7e-m/crti.o
LOAD /home/sermountain/gcc-arm-none-eabi-5_4-2016q3/bin/../lib/gcc/arm-none-eabi/5.4.1/armv7e-m/crtbegin.o
LOAD /home/sermountain/gcc-arm-none-eabi-5_4-2016q3/bin/../lib/gcc/arm-none-eabi/5.4.1/../../../../arm-none-eabi/lib/armv7e-m/crt0.o
LOAD CMakeFiles/xlgyro.elf.dir/Drivers/LSM9DS1/src/lsm9ds1.c.obj
LOAD CMakeFiles/xlgyro.elf.dir/Drivers/STM32F4xx_HAL_Driver/Src/stm32f4xx_hal.c.obj
LOAD CMakeFiles/xlgyro.elf.dir/Drivers/STM32F4xx_HAL_Driver/Src/stm32f4xx_hal_cortex.c.obj
LOAD CMakeFiles/xlgyro.elf.dir/Drivers/STM32F4xx_HAL_Driver/Src/stm32f4xx_hal_dma.c.obj
LOAD CMakeFiles/xlgyro.elf.dir/Drivers/STM32F4xx_HAL_Driver/Src/stm32f4xx_hal_dma_ex.c.obj
LOAD CMakeFiles/xlgyro.elf.dir/Drivers/STM32F4xx_HAL_Driver/Src/stm32f4xx_hal_exti.c.obj
LOAD CMakeFiles/xlgyro.elf.dir/Drivers/STM32F4xx_HAL_Driver/Src/stm32f4xx_hal_flash.c.obj
LOAD CMakeFiles/xlgyro.elf.dir/Drivers/STM32F4xx_HAL_Driver/Src/stm32f4xx_hal_flash_ex.c.obj
LOAD CMakeFiles/xlgyro.elf.dir/Drivers/STM32F4xx_HAL_Driver/Src/stm32f4xx_hal_flash_ramfunc.c.obj
LOAD CMakeFiles/xlgyro.elf.dir/Drivers/STM32F4xx_HAL_Driver/Src/stm32f4xx_hal_gpio.c.obj
LOAD CMakeFiles/xlgyro.elf.dir/Drivers/STM32F4xx_HAL_Driver/Src/stm32f4xx_hal_i2c.c.obj
LOAD CMakeFiles/xlgyro.elf.dir/Drivers/STM32F4xx_HAL_Driver/Src/stm32f4xx_hal_i2c_ex.c.obj
LOAD CMakeFiles/xlgyro.elf.dir/Drivers/STM32F4xx_HAL_Driver/Src/stm32f4xx_hal_pwr.c.obj
LOAD CMakeFiles/xlgyro.elf.dir/Drivers/STM32F4xx_HAL_Driver/Src/stm32f4xx_hal_pwr_ex.c.obj
LOAD CMakeFiles/xlgyro.elf.dir/Drivers/STM32F4xx_HAL_Driver/Src/stm32f4xx_hal_rcc.c.obj
LOAD CMakeFiles/xlgyro.elf.dir/Drivers/STM32F4xx_HAL_Driver/Src/stm32f4xx_hal_rcc_ex.c.obj
LOAD CMakeFiles/xlgyro.elf.dir/Drivers/STM32F4xx_HAL_Driver/Src/stm32f4xx_hal_tim.c.obj
LOAD CMakeFiles/xlgyro.elf.dir/Drivers/STM32F4xx_HAL_Driver/Src/stm32f4xx_hal_tim_ex.c.obj
LOAD CMakeFiles/xlgyro.elf.dir/Drivers/STM32F4xx_HAL_Driver/Src/stm32f4xx_hal_uart.c.obj
LOAD CMakeFiles/xlgyro.elf.dir/Src/crc16.c.obj
LOAD CMakeFiles/xlgyro.elf.dir/Src/main.c.obj
LOAD CMakeFiles/xlgyro.elf.dir/Src/stm32f4xx_hal_msp.c.obj
LOAD CMakeFiles/xlgyro.elf.dir/Src/stm32f4xx_it.c.obj
LOAD CMakeFiles/xlgyro.elf.dir/Src/syscalls.c.obj
LOAD CMakeFiles/xlgyro.elf.dir/Src/sysmem.c.obj
LOAD CMakeFiles/xlgyro.elf.dir/Src/system_stm32f4xx.c.obj
LOAD CMakeFiles/xlgyro.elf.dir/Startup/startup_stm32f407vgtx.s.obj
START GROUP
LOAD /home/sermountain/gcc-arm-none-eabi-5_4-2016q3/bin/../lib/gcc/arm-none-eabi/5.4.1/armv7e-m/libgcc.a
LOAD /home/sermountain/gcc-arm-none-eabi-5_4-2016q3/bin/../lib/gcc/arm-none-eabi/5.4.1/../../../../arm-none-eabi/lib/armv7e-m/libg.a
LOAD /home/sermountain/gcc-arm-none-eabi-5_4-2016q3/bin/../lib/gcc/arm-none-eabi/5.4.1/../../../../arm-none-eabi/lib/armv7e-m/libc.a
END GROUP
LOAD /home/sermountain/gcc-arm-none-eabi-5_4-2016q3/bin/../lib/gcc/arm-none-eabi/5.4.1/armv7e-m/crtend.o
LOAD /home/sermountain/gcc-arm-none-eabi-5_4-2016q3/bin/../lib/gcc/arm-none-eabi/5.4.1/armv7e-m/crtn.o
                0x20020000                _estack = 0x20020000
                0x00000200                _Min_Heap_Size = 0x200
                0x00000400                _Min_Stack_Size = 0x400

.isr_vector     0x08000000      0x188
                0x08000000                . = ALIGN (0x4)
 *(.isr_vector)
 .isr_vector    0x08000000      0x188 CMakeFiles/xlgyro.elf.dir/Startup/startup_stm32f407vgtx.s.obj
                0x08000000                g_pfnVectors
                0x08000188                . = ALIGN (0x4)

.text           0x08000188     0x5a78
                0x08000188                . = ALIGN (0x4)
 *(.text)
 .text          0x08000188       0x5c /home/sermountain/gcc-arm-none-eabi-5_4-2016q3/bin/../lib/gcc/arm-none-eabi/5.4.1/armv7e-m/crtbegin.o
 .text          0x080001e4      0x21c /home/sermountain/gcc-arm-none-eabi-5_4-2016q3/bin/../lib/gcc/arm-none-eabi/5.4.1/armv7e-m/libgcc.a(_arm_addsubsf3.o)
                0x080001e4                __aeabi_frsub
                0x080001ec                __subsf3
                0x080001ec                __aeabi_fsub
                0x080001f0                __aeabi_fadd
                0x080001f0                __addsf3
                0x08000350                __aeabi_ui2f
                0x08000350                __floatunsisf
                0x08000358                __aeabi_i2f
                0x08000358                __floatsisf
                0x08000374                __floatundisf
                0x08000374                __aeabi_ul2f
                0x08000384                __floatdisf
                0x08000384                __aeabi_l2f
 .text          0x08000400      0x2a0 /home/sermountain/gcc-arm-none-eabi-5_4-2016q3/bin/../lib/gcc/arm-none-eabi/5.4.1/armv7e-m/libgcc.a(_arm_muldivsf3.o)
                0x08000400                __mulsf3
                0x08000400                __aeabi_fmul
                0x08000568                __divsf3
                0x08000568                __aeabi_fdiv
 .text          0x080006a0       0x30 /home/sermountain/gcc-arm-none-eabi-5_4-2016q3/bin/../lib/gcc/arm-none-eabi/5.4.1/armv7e-m/libgcc.a(_aeabi_uldivmod.o)
                0x080006a0                __aeabi_uldivmod
 .text          0x080006d0      0x2e4 /home/sermountain/gcc-arm-none-eabi-5_4-2016q3/bin/../lib/gcc/arm-none-eabi/5.4.1/armv7e-m/libgcc.a(_udivmoddi4.o)
                0x080006d0                __udivmoddi4
 .text          0x080009b4        0x4 /home/sermountain/gcc-arm-none-eabi-5_4-2016q3/bin/../lib/gcc/arm-none-eabi/5.4.1/armv7e-m/libgcc.a(_dvmd_tls.o)
                0x080009b4                __aeabi_ldiv0
                0x080009b4                __aeabi_idiv0
 .text          0x080009b8      0x134 /home/sermountain/gcc-arm-none-eabi-5_4-2016q3/bin/../lib/gcc/arm-none-eabi/5.4.1/../../../../arm-none-eabi/lib/armv7e-m/libg.a(lib_a-memcpy.o)
                0x080009b8                memcpy
 *(.text*)
 .text.LSM9DS1_enableFifo
                0x08000aec       0x90 CMakeFiles/xlgyro.elf.dir/Drivers/LSM9DS1/src/lsm9ds1.c.obj
 .text.LSM9DS1_stopOnFifoThd
                0x08000b7c       0x90 CMakeFiles/xlgyro.elf.dir/Drivers/LSM9DS1/src/lsm9ds1.c.obj
 .text.LSM9DS1_setFifoThd
                0x08000c0c       0x90 CMakeFiles/xlgyro.elf.dir/Drivers/LSM9DS1/src/lsm9ds1.c.obj
 .text.LSM9DS1_GetFifoSamples
                0x08000c9c       0x74 CMakeFiles/xlgyro.elf.dir/Drivers/LSM9DS1/src/lsm9ds1.c.obj
                0x08000c9c                LSM9DS1_GetFifoSamples
 .text.LSM9DS1_setOperatingMode
                0x08000d10      0x108 CMakeFiles/xlgyro.elf.dir/Drivers/LSM9DS1/src/lsm9ds1.c.obj
 .text.LSM9DS1_setFifoMode
                0x08000e18       0xbc CMakeFiles/xlgyro.elf.dir/Drivers/LSM9DS1/src/lsm9ds1.c.obj
 .text.LSM9DS1_Init
                0x08000ed4       0xcc CMakeFiles/xlgyro.elf.dir/Drivers/LSM9DS1/src/lsm9ds1.c.obj
                0x08000ed4                LSM9DS1_Init
 .text.LSM9DS1_ReadBytes
                0x08000fa0       0xa8 CMakeFiles/xlgyro.elf.dir/Drivers/LSM9DS1/src/lsm9ds1.c.obj
 .text.LSM9DS1_WriteBytes
                0x08001048       0x84 CMakeFiles/xlgyro.elf.dir/Drivers/LSM9DS1/src/lsm9ds1.c.obj
 .text.LSM9DS1_slidingWindowPush
                0x080010cc      0x1b8 CMakeFiles/xlgyro.elf.dir/Drivers/LSM9DS1/src/lsm9ds1.c.obj
 .text.LSM9DS1_AccelReadRawData
                0x08001284      0x10c CMakeFiles/xlgyro.elf.dir/Drivers/LSM9DS1/src/lsm9ds1.c.obj
                0x08001284                LSM9DS1_AccelReadRawData
 .text.LSM9DS1_GyroReadRawData
                0x08001390      0x10c CMakeFiles/xlgyro.elf.dir/Drivers/LSM9DS1/src/lsm9ds1.c.obj
                0x08001390                LSM9DS1_GyroReadRawData
 .text.LSM9DS1_Calibrate
                0x0800149c      0x230 CMakeFiles/xlgyro.elf.dir/Drivers/LSM9DS1/src/lsm9ds1.c.obj
                0x0800149c                LSM9DS1_Calibrate
 .text.LSM9DS1_PollDataBlocking
                0x080016cc       0xb8 CMakeFiles/xlgyro.elf.dir/Drivers/LSM9DS1/src/lsm9ds1.c.obj
                0x080016cc                LSM9DS1_PollDataBlocking
 .text.HAL_Init
                0x08001784       0x44 CMakeFiles/xlgyro.elf.dir/Drivers/STM32F4xx_HAL_Driver/Src/stm32f4xx_hal.c.obj
                0x08001784                HAL_Init
 .text.HAL_InitTick
                0x080017c8       0x60 CMakeFiles/xlgyro.elf.dir/Drivers/STM32F4xx_HAL_Driver/Src/stm32f4xx_hal.c.obj
                0x080017c8                HAL_InitTick
 .text.HAL_IncTick
                0x08001828       0x24 CMakeFiles/xlgyro.elf.dir/Drivers/STM32F4xx_HAL_Driver/Src/stm32f4xx_hal.c.obj
                0x08001828                HAL_IncTick
 .text.HAL_GetTick
                0x0800184c       0x14 CMakeFiles/xlgyro.elf.dir/Drivers/STM32F4xx_HAL_Driver/Src/stm32f4xx_hal.c.obj
                0x0800184c                HAL_GetTick
 .text.HAL_Delay
                0x08001860       0x44 CMakeFiles/xlgyro.elf.dir/Drivers/STM32F4xx_HAL_Driver/Src/stm32f4xx_hal.c.obj
                0x08001860                HAL_Delay
 .text.__NVIC_SetPriorityGrouping
                0x080018a4       0x48 CMakeFiles/xlgyro.elf.dir/Drivers/STM32F4xx_HAL_Driver/Src/stm32f4xx_hal_cortex.c.obj
 .text.__NVIC_GetPriorityGrouping
                0x080018ec       0x1c CMakeFiles/xlgyro.elf.dir/Drivers/STM32F4xx_HAL_Driver/Src/stm32f4xx_hal_cortex.c.obj
 .text.__NVIC_EnableIRQ
                0x08001908       0x38 CMakeFiles/xlgyro.elf.dir/Drivers/STM32F4xx_HAL_Driver/Src/stm32f4xx_hal_cortex.c.obj
 .text.__NVIC_SetPriority
                0x08001940       0x54 CMakeFiles/xlgyro.elf.dir/Drivers/STM32F4xx_HAL_Driver/Src/stm32f4xx_hal_cortex.c.obj
 .text.NVIC_EncodePriority
                0x08001994       0x60 CMakeFiles/xlgyro.elf.dir/Drivers/STM32F4xx_HAL_Driver/Src/stm32f4xx_hal_cortex.c.obj
 .text.SysTick_Config
                0x080019f4       0x44 CMakeFiles/xlgyro.elf.dir/Drivers/STM32F4xx_HAL_Driver/Src/stm32f4xx_hal_cortex.c.obj
 .text.HAL_NVIC_SetPriorityGrouping
                0x08001a38       0x18 CMakeFiles/xlgyro.elf.dir/Drivers/STM32F4xx_HAL_Driver/Src/stm32f4xx_hal_cortex.c.obj
                0x08001a38                HAL_NVIC_SetPriorityGrouping
 .text.HAL_NVIC_SetPriority
                0x08001a50       0x38 CMakeFiles/xlgyro.elf.dir/Drivers/STM32F4xx_HAL_Driver/Src/stm32f4xx_hal_cortex.c.obj
                0x08001a50                HAL_NVIC_SetPriority
 .text.HAL_NVIC_EnableIRQ
                0x08001a88       0x1c CMakeFiles/xlgyro.elf.dir/Drivers/STM32F4xx_HAL_Driver/Src/stm32f4xx_hal_cortex.c.obj
                0x08001a88                HAL_NVIC_EnableIRQ
 .text.HAL_SYSTICK_Config
                0x08001aa4       0x18 CMakeFiles/xlgyro.elf.dir/Drivers/STM32F4xx_HAL_Driver/Src/stm32f4xx_hal_cortex.c.obj
                0x08001aa4                HAL_SYSTICK_Config
 .text.HAL_DMA_Init
                0x08001abc      0x15c CMakeFiles/xlgyro.elf.dir/Drivers/STM32F4xx_HAL_Driver/Src/stm32f4xx_hal_dma.c.obj
                0x08001abc                HAL_DMA_Init
 .text.HAL_DMA_Start_IT
                0x08001c18       0xb0 CMakeFiles/xlgyro.elf.dir/Drivers/STM32F4xx_HAL_Driver/Src/stm32f4xx_hal_dma.c.obj
                0x08001c18                HAL_DMA_Start_IT
 .text.HAL_DMA_Abort_IT
                0x08001cc8       0x44 CMakeFiles/xlgyro.elf.dir/Drivers/STM32F4xx_HAL_Driver/Src/stm32f4xx_hal_dma.c.obj
                0x08001cc8                HAL_DMA_Abort_IT
 .text.HAL_DMA_IRQHandler
                0x08001d0c      0x314 CMakeFiles/xlgyro.elf.dir/Drivers/STM32F4xx_HAL_Driver/Src/stm32f4xx_hal_dma.c.obj
                0x08001d0c                HAL_DMA_IRQHandler
 .text.DMA_SetConfig
                0x08002020       0x5c CMakeFiles/xlgyro.elf.dir/Drivers/STM32F4xx_HAL_Driver/Src/stm32f4xx_hal_dma.c.obj
 .text.DMA_CalcBaseAndBitshift
                0x0800207c       0x68 CMakeFiles/xlgyro.elf.dir/Drivers/STM32F4xx_HAL_Driver/Src/stm32f4xx_hal_dma.c.obj
 .text.DMA_CheckFifoParam
                0x080020e4       0xf4 CMakeFiles/xlgyro.elf.dir/Drivers/STM32F4xx_HAL_Driver/Src/stm32f4xx_hal_dma.c.obj
 .text.HAL_GPIO_Init
                0x080021d8      0x334 CMakeFiles/xlgyro.elf.dir/Drivers/STM32F4xx_HAL_Driver/Src/stm32f4xx_hal_gpio.c.obj
                0x080021d8                HAL_GPIO_Init
 .text.HAL_GPIO_WritePin
                0x0800250c       0x30 CMakeFiles/xlgyro.elf.dir/Drivers/STM32F4xx_HAL_Driver/Src/stm32f4xx_hal_gpio.c.obj
                0x0800250c                HAL_GPIO_WritePin
 .text.HAL_I2C_Init
                0x0800253c      0x270 CMakeFiles/xlgyro.elf.dir/Drivers/STM32F4xx_HAL_Driver/Src/stm32f4xx_hal_i2c.c.obj
                0x0800253c                HAL_I2C_Init
 .text.HAL_I2C_Master_Transmit
                0x080027ac      0x1fc CMakeFiles/xlgyro.elf.dir/Drivers/STM32F4xx_HAL_Driver/Src/stm32f4xx_hal_i2c.c.obj
                0x080027ac                HAL_I2C_Master_Transmit
 .text.HAL_I2C_Master_Receive
                0x080029a8      0x44c CMakeFiles/xlgyro.elf.dir/Drivers/STM32F4xx_HAL_Driver/Src/stm32f4xx_hal_i2c.c.obj
                0x080029a8                HAL_I2C_Master_Receive
 .text.I2C_MasterRequestWrite
                0x08002df4      0x100 CMakeFiles/xlgyro.elf.dir/Drivers/STM32F4xx_HAL_Driver/Src/stm32f4xx_hal_i2c.c.obj
 .text.I2C_MasterRequestRead
                0x08002ef4      0x198 CMakeFiles/xlgyro.elf.dir/Drivers/STM32F4xx_HAL_Driver/Src/stm32f4xx_hal_i2c.c.obj
 .text.I2C_WaitOnFlagUntilTimeout
                0x0800308c       0xb0 CMakeFiles/xlgyro.elf.dir/Drivers/STM32F4xx_HAL_Driver/Src/stm32f4xx_hal_i2c.c.obj
 .text.I2C_WaitOnMasterAddressFlagUntilTimeout
                0x0800313c       0xfc CMakeFiles/xlgyro.elf.dir/Drivers/STM32F4xx_HAL_Driver/Src/stm32f4xx_hal_i2c.c.obj
 .text.I2C_WaitOnTXEFlagUntilTimeout
                0x08003238       0x84 CMakeFiles/xlgyro.elf.dir/Drivers/STM32F4xx_HAL_Driver/Src/stm32f4xx_hal_i2c.c.obj
 .text.I2C_WaitOnBTFFlagUntilTimeout
                0x080032bc       0x84 CMakeFiles/xlgyro.elf.dir/Drivers/STM32F4xx_HAL_Driver/Src/stm32f4xx_hal_i2c.c.obj
 .text.I2C_WaitOnRXNEFlagUntilTimeout
                0x08003340       0xac CMakeFiles/xlgyro.elf.dir/Drivers/STM32F4xx_HAL_Driver/Src/stm32f4xx_hal_i2c.c.obj
 .text.I2C_IsAcknowledgeFailed
                0x080033ec       0x5c CMakeFiles/xlgyro.elf.dir/Drivers/STM32F4xx_HAL_Driver/Src/stm32f4xx_hal_i2c.c.obj
 .text.HAL_RCC_OscConfig
                0x08003448      0x4dc CMakeFiles/xlgyro.elf.dir/Drivers/STM32F4xx_HAL_Driver/Src/stm32f4xx_hal_rcc.c.obj
                0x08003448                HAL_RCC_OscConfig
 .text.HAL_RCC_ClockConfig
                0x08003924      0x1cc CMakeFiles/xlgyro.elf.dir/Drivers/STM32F4xx_HAL_Driver/Src/stm32f4xx_hal_rcc.c.obj
                0x08003924                HAL_RCC_ClockConfig
 .text.HAL_RCC_GetSysClockFreq
                0x08003af0      0x1ac CMakeFiles/xlgyro.elf.dir/Drivers/STM32F4xx_HAL_Driver/Src/stm32f4xx_hal_rcc.c.obj
                0x08003af0                HAL_RCC_GetSysClockFreq
 .text.HAL_RCC_GetHCLKFreq
                0x08003c9c       0x14 CMakeFiles/xlgyro.elf.dir/Drivers/STM32F4xx_HAL_Driver/Src/stm32f4xx_hal_rcc.c.obj
                0x08003c9c                HAL_RCC_GetHCLKFreq
 .text.HAL_RCC_GetPCLK1Freq
                0x08003cb0       0x28 CMakeFiles/xlgyro.elf.dir/Drivers/STM32F4xx_HAL_Driver/Src/stm32f4xx_hal_rcc.c.obj
                0x08003cb0                HAL_RCC_GetPCLK1Freq
 .text.HAL_RCC_GetPCLK2Freq
                0x08003cd8       0x28 CMakeFiles/xlgyro.elf.dir/Drivers/STM32F4xx_HAL_Driver/Src/stm32f4xx_hal_rcc.c.obj
                0x08003cd8                HAL_RCC_GetPCLK2Freq
 .text.HAL_TIM_Base_Init
                0x08003d00       0x58 CMakeFiles/xlgyro.elf.dir/Drivers/STM32F4xx_HAL_Driver/Src/stm32f4xx_hal_tim.c.obj
                0x08003d00                HAL_TIM_Base_Init
 .text.HAL_TIM_Base_Start_IT
                0x08003d58       0x48 CMakeFiles/xlgyro.elf.dir/Drivers/STM32F4xx_HAL_Driver/Src/stm32f4xx_hal_tim.c.obj
                0x08003d58                HAL_TIM_Base_Start_IT
 .text.HAL_TIM_IRQHandler
                0x08003da0      0x210 CMakeFiles/xlgyro.elf.dir/Drivers/STM32F4xx_HAL_Driver/Src/stm32f4xx_hal_tim.c.obj
                0x08003da0                HAL_TIM_IRQHandler
 .text.HAL_TIM_OC_DelayElapsedCallback
                0x08003fb0       0x14 CMakeFiles/xlgyro.elf.dir/Drivers/STM32F4xx_HAL_Driver/Src/stm32f4xx_hal_tim.c.obj
                0x08003fb0                HAL_TIM_OC_DelayElapsedCallback
 .text.HAL_TIM_IC_CaptureCallback
                0x08003fc4       0x14 CMakeFiles/xlgyro.elf.dir/Drivers/STM32F4xx_HAL_Driver/Src/stm32f4xx_hal_tim.c.obj
                0x08003fc4                HAL_TIM_IC_CaptureCallback
 .text.HAL_TIM_PWM_PulseFinishedCallback
                0x08003fd8       0x14 CMakeFiles/xlgyro.elf.dir/Drivers/STM32F4xx_HAL_Driver/Src/stm32f4xx_hal_tim.c.obj
                0x08003fd8                HAL_TIM_PWM_PulseFinishedCallback
 .text.HAL_TIM_TriggerCallback
                0x08003fec       0x14 CMakeFiles/xlgyro.elf.dir/Drivers/STM32F4xx_HAL_Driver/Src/stm32f4xx_hal_tim.c.obj
                0x08003fec                HAL_TIM_TriggerCallback
 .text.TIM_Base_SetConfig
                0x08004000      0x13c CMakeFiles/xlgyro.elf.dir/Drivers/STM32F4xx_HAL_Driver/Src/stm32f4xx_hal_tim.c.obj
                0x08004000                TIM_Base_SetConfig
 .text.HAL_TIMEx_MasterConfigSynchronization
                0x0800413c       0xf4 CMakeFiles/xlgyro.elf.dir/Drivers/STM32F4xx_HAL_Driver/Src/stm32f4xx_hal_tim_ex.c.obj
                0x0800413c                HAL_TIMEx_MasterConfigSynchronization
 .text.HAL_TIMEx_CommutCallback
                0x08004230       0x14 CMakeFiles/xlgyro.elf.dir/Drivers/STM32F4xx_HAL_Driver/Src/stm32f4xx_hal_tim_ex.c.obj
                0x08004230                HAL_TIMEx_CommutCallback
 .text.HAL_TIMEx_BreakCallback
                0x08004244       0x14 CMakeFiles/xlgyro.elf.dir/Drivers/STM32F4xx_HAL_Driver/Src/stm32f4xx_hal_tim_ex.c.obj
                0x08004244                HAL_TIMEx_BreakCallback
 .text.HAL_UART_Init
                0x08004258       0x9c CMakeFiles/xlgyro.elf.dir/Drivers/STM32F4xx_HAL_Driver/Src/stm32f4xx_hal_uart.c.obj
                0x08004258                HAL_UART_Init
 .text.HAL_UART_Transmit_DMA
                0x080042f4       0xd8 CMakeFiles/xlgyro.elf.dir/Drivers/STM32F4xx_HAL_Driver/Src/stm32f4xx_hal_uart.c.obj
                0x080042f4                HAL_UART_Transmit_DMA
 .text.HAL_UART_IRQHandler
                0x080043cc      0x200 CMakeFiles/xlgyro.elf.dir/Drivers/STM32F4xx_HAL_Driver/Src/stm32f4xx_hal_uart.c.obj
                0x080043cc                HAL_UART_IRQHandler
 .text.HAL_UART_TxHalfCpltCallback
                0x080045cc       0x14 CMakeFiles/xlgyro.elf.dir/Drivers/STM32F4xx_HAL_Driver/Src/stm32f4xx_hal_uart.c.obj
                0x080045cc                HAL_UART_TxHalfCpltCallback
 .text.HAL_UART_RxCpltCallback
                0x080045e0       0x14 CMakeFiles/xlgyro.elf.dir/Drivers/STM32F4xx_HAL_Driver/Src/stm32f4xx_hal_uart.c.obj
                0x080045e0                HAL_UART_RxCpltCallback
 .text.HAL_UART_ErrorCallback
                0x080045f4       0x14 CMakeFiles/xlgyro.elf.dir/Drivers/STM32F4xx_HAL_Driver/Src/stm32f4xx_hal_uart.c.obj
                0x080045f4                HAL_UART_ErrorCallback
 .text.UART_DMATransmitCplt
                0x08004608       0x54 CMakeFiles/xlgyro.elf.dir/Drivers/STM32F4xx_HAL_Driver/Src/stm32f4xx_hal_uart.c.obj
 .text.UART_DMATxHalfCplt
                0x0800465c       0x1c CMakeFiles/xlgyro.elf.dir/Drivers/STM32F4xx_HAL_Driver/Src/stm32f4xx_hal_uart.c.obj
 .text.UART_DMAError
                0x08004678       0x94 CMakeFiles/xlgyro.elf.dir/Drivers/STM32F4xx_HAL_Driver/Src/stm32f4xx_hal_uart.c.obj
 .text.UART_EndTxTransfer
                0x0800470c       0x2c CMakeFiles/xlgyro.elf.dir/Drivers/STM32F4xx_HAL_Driver/Src/stm32f4xx_hal_uart.c.obj
 .text.UART_EndRxTransfer
                0x08004738       0x3c CMakeFiles/xlgyro.elf.dir/Drivers/STM32F4xx_HAL_Driver/Src/stm32f4xx_hal_uart.c.obj
 .text.UART_DMAAbortOnError
                0x08004774       0x28 CMakeFiles/xlgyro.elf.dir/Drivers/STM32F4xx_HAL_Driver/Src/stm32f4xx_hal_uart.c.obj
 .text.UART_Transmit_IT
                0x0800479c       0xa8 CMakeFiles/xlgyro.elf.dir/Drivers/STM32F4xx_HAL_Driver/Src/stm32f4xx_hal_uart.c.obj
 .text.UART_EndTransmit_IT
                0x08004844       0x30 CMakeFiles/xlgyro.elf.dir/Drivers/STM32F4xx_HAL_Driver/Src/stm32f4xx_hal_uart.c.obj
 .text.UART_Receive_IT
                0x08004874      0x104 CMakeFiles/xlgyro.elf.dir/Drivers/STM32F4xx_HAL_Driver/Src/stm32f4xx_hal_uart.c.obj
 .text.UART_SetConfig
                0x08004978      0x67c CMakeFiles/xlgyro.elf.dir/Drivers/STM32F4xx_HAL_Driver/Src/stm32f4xx_hal_uart.c.obj
 .text.releaseI2cBus
                0x08004ff4       0x84 CMakeFiles/xlgyro.elf.dir/Src/main.c.obj
 .text.HAL_TIM_PeriodElapsedCallback
                0x08005078       0x1c CMakeFiles/xlgyro.elf.dir/Src/main.c.obj
                0x08005078                HAL_TIM_PeriodElapsedCallback
 .text.HAL_UART_TxCpltCallback
                0x08005094       0x1c CMakeFiles/xlgyro.elf.dir/Src/main.c.obj
                0x08005094                HAL_UART_TxCpltCallback
 .text.DataBufValuesAppend
                0x080050b0       0xdc CMakeFiles/xlgyro.elf.dir/Src/main.c.obj
                0x080050b0                DataBufValuesAppend
 .text.dataBufSend
                0x0800518c      0x198 CMakeFiles/xlgyro.elf.dir/Src/main.c.obj
 .text.main     0x08005324       0xbc CMakeFiles/xlgyro.elf.dir/Src/main.c.obj
                0x08005324                main
 .text.SystemClock_Config
                0x080053e0       0xd4 CMakeFiles/xlgyro.elf.dir/Src/main.c.obj
                0x080053e0                SystemClock_Config
 .text.MX_I2C1_Init
                0x080054b4       0x5c CMakeFiles/xlgyro.elf.dir/Src/main.c.obj
 .text.MX_TIM6_Init
                0x08005510       0x6c CMakeFiles/xlgyro.elf.dir/Src/main.c.obj
 .text.MX_USART3_UART_Init
                0x0800557c       0x54 CMakeFiles/xlgyro.elf.dir/Src/main.c.obj
 .text.MX_DMA_Init
                0x080055d0       0x40 CMakeFiles/xlgyro.elf.dir/Src/main.c.obj
 .text.MX_GPIO_Init
                0x08005610       0x68 CMakeFiles/xlgyro.elf.dir/Src/main.c.obj
 .text.Error_Handler
                0x08005678        0xc CMakeFiles/xlgyro.elf.dir/Src/main.c.obj
                0x08005678                Error_Handler
 .text.HAL_MspInit
                0x08005684       0x4c CMakeFiles/xlgyro.elf.dir/Src/stm32f4xx_hal_msp.c.obj
                0x08005684                HAL_MspInit
 .text.HAL_I2C_MspInit
                0x080056d0       0x90 CMakeFiles/xlgyro.elf.dir/Src/stm32f4xx_hal_msp.c.obj
                0x080056d0                HAL_I2C_MspInit
 .text.HAL_TIM_Base_MspInit
                0x08005760       0x50 CMakeFiles/xlgyro.elf.dir/Src/stm32f4xx_hal_msp.c.obj
                0x08005760                HAL_TIM_Base_MspInit
 .text.HAL_UART_MspInit
                0x080057b0      0x118 CMakeFiles/xlgyro.elf.dir/Src/stm32f4xx_hal_msp.c.obj
                0x080057b0                HAL_UART_MspInit
 .text.NMI_Handler
                0x080058c8        0xc CMakeFiles/xlgyro.elf.dir/Src/stm32f4xx_it.c.obj
                0x080058c8                NMI_Handler
 .text.HardFault_Handler
                0x080058d4        0x8 CMakeFiles/xlgyro.elf.dir/Src/stm32f4xx_it.c.obj
                0x080058d4                HardFault_Handler
 .text.MemManage_Handler
                0x080058dc        0x8 CMakeFiles/xlgyro.elf.dir/Src/stm32f4xx_it.c.obj
                0x080058dc                MemManage_Handler
 .text.BusFault_Handler
                0x080058e4        0x8 CMakeFiles/xlgyro.elf.dir/Src/stm32f4xx_it.c.obj
                0x080058e4                BusFault_Handler
 .text.UsageFault_Handler
                0x080058ec        0x8 CMakeFiles/xlgyro.elf.dir/Src/stm32f4xx_it.c.obj
                0x080058ec                UsageFault_Handler
 .text.SVC_Handler
                0x080058f4        0xc CMakeFiles/xlgyro.elf.dir/Src/stm32f4xx_it.c.obj
                0x080058f4                SVC_Handler
 .text.DebugMon_Handler
                0x08005900        0xc CMakeFiles/xlgyro.elf.dir/Src/stm32f4xx_it.c.obj
                0x08005900                DebugMon_Handler
 .text.PendSV_Handler
                0x0800590c        0xc CMakeFiles/xlgyro.elf.dir/Src/stm32f4xx_it.c.obj
                0x0800590c                PendSV_Handler
 .text.SysTick_Handler
                0x08005918        0xc CMakeFiles/xlgyro.elf.dir/Src/stm32f4xx_it.c.obj
                0x08005918                SysTick_Handler
 .text.DMA1_Stream3_IRQHandler
                0x08005924       0x14 CMakeFiles/xlgyro.elf.dir/Src/stm32f4xx_it.c.obj
                0x08005924                DMA1_Stream3_IRQHandler
 .text.USART3_IRQHandler
                0x08005938       0x14 CMakeFiles/xlgyro.elf.dir/Src/stm32f4xx_it.c.obj
                0x08005938                USART3_IRQHandler
 .text.TIM6_DAC_IRQHandler
                0x0800594c       0x14 CMakeFiles/xlgyro.elf.dir/Src/stm32f4xx_it.c.obj
                0x0800594c                TIM6_DAC_IRQHandler
 .text.SystemInit
                0x08005960       0x5c CMakeFiles/xlgyro.elf.dir/Src/system_stm32f4xx.c.obj
                0x08005960                SystemInit
 .text.Reset_Handler
                0x080059bc       0x50 CMakeFiles/xlgyro.elf.dir/Startup/startup_stm32f407vgtx.s.obj
                0x080059bc                Reset_Handler
 .text.Default_Handler
                0x08005a0c        0x2 CMakeFiles/xlgyro.elf.dir/Startup/startup_stm32f407vgtx.s.obj
                0x08005a0c                RTC_Alarm_IRQHandler
                0x08005a0c                HASH_RNG_IRQHandler
                0x08005a0c                EXTI2_IRQHandler
                0x08005a0c                TIM8_CC_IRQHandler
                0x08005a0c                TIM1_CC_IRQHandler
                0x08005a0c                DMA2_Stream5_IRQHandler
                0x08005a0c                DMA1_Stream5_IRQHandler
                0x08005a0c                PVD_IRQHandler
                0x08005a0c                SDIO_IRQHandler
                0x08005a0c                TAMP_STAMP_IRQHandler
                0x08005a0c                CAN2_RX1_IRQHandler
                0x08005a0c                EXTI3_IRQHandler
                0x08005a0c                TIM8_TRG_COM_TIM14_IRQHandler
                0x08005a0c                TIM1_UP_TIM10_IRQHandler
                0x08005a0c                TIM8_UP_TIM13_IRQHandler
                0x08005a0c                I2C3_ER_IRQHandler
                0x08005a0c                EXTI0_IRQHandler
                0x08005a0c                I2C2_EV_IRQHandler
                0x08005a0c                DMA1_Stream2_IRQHandler
                0x08005a0c                CAN1_RX0_IRQHandler
                0x08005a0c                FPU_IRQHandler
                0x08005a0c                OTG_HS_WKUP_IRQHandler
                0x08005a0c                CAN2_SCE_IRQHandler
                0x08005a0c                DMA2_Stream2_IRQHandler
                0x08005a0c                SPI1_IRQHandler
                0x08005a0c                TIM1_BRK_TIM9_IRQHandler
                0x08005a0c                DCMI_IRQHandler
                0x08005a0c                CAN2_RX0_IRQHandler
                0x08005a0c                DMA2_Stream3_IRQHandler
                0x08005a0c                USART6_IRQHandler
                0x08005a0c                CAN1_RX1_IRQHandler
                0x08005a0c                UART5_IRQHandler
                0x08005a0c                DMA2_Stream0_IRQHandler
                0x08005a0c                TIM4_IRQHandler
                0x08005a0c                I2C1_EV_IRQHandler
                0x08005a0c                DMA1_Stream6_IRQHandler
                0x08005a0c                DMA1_Stream1_IRQHandler
                0x08005a0c                UART4_IRQHandler
                0x08005a0c                TIM3_IRQHandler
                0x08005a0c                RCC_IRQHandler
                0x08005a0c                TIM8_BRK_TIM12_IRQHandler
                0x08005a0c                Default_Handler
                0x08005a0c                EXTI15_10_IRQHandler
                0x08005a0c                ADC_IRQHandler
                0x08005a0c                DMA1_Stream7_IRQHandler
                0x08005a0c                TIM7_IRQHandler
                0x08005a0c                CAN2_TX_IRQHandler
                0x08005a0c                TIM5_IRQHandler
                0x08005a0c                DMA2_Stream7_IRQHandler
                0x08005a0c                I2C3_EV_IRQHandler
                0x08005a0c                EXTI9_5_IRQHandler
                0x08005a0c                RTC_WKUP_IRQHandler
                0x08005a0c                ETH_WKUP_IRQHandler
                0x08005a0c                SPI2_IRQHandler
                0x08005a0c                OTG_HS_EP1_IN_IRQHandler
                0x08005a0c                DMA1_Stream0_IRQHandler
                0x08005a0c                CAN1_TX_IRQHandler
                0x08005a0c                EXTI4_IRQHandler
                0x08005a0c                FSMC_IRQHandler
                0x08005a0c                ETH_IRQHandler
                0x08005a0c                OTG_HS_EP1_OUT_IRQHandler
                0x08005a0c                WWDG_IRQHandler
                0x08005a0c                TIM2_IRQHandler
                0x08005a0c                OTG_FS_WKUP_IRQHandler
                0x08005a0c                TIM1_TRG_COM_TIM11_IRQHandler
                0x08005a0c                OTG_HS_IRQHandler
                0x08005a0c                EXTI1_IRQHandler
                0x08005a0c                USART2_IRQHandler
                0x08005a0c                I2C2_ER_IRQHandler
                0x08005a0c                DMA2_Stream1_IRQHandler
                0x08005a0c                CAN1_SCE_IRQHandler
                0x08005a0c                FLASH_IRQHandler
                0x08005a0c                DMA2_Stream4_IRQHandler
                0x08005a0c                USART1_IRQHandler
                0x08005a0c                OTG_FS_IRQHandler
                0x08005a0c                SPI3_IRQHandler
                0x08005a0c                DMA1_Stream4_IRQHandler
                0x08005a0c                I2C1_ER_IRQHandler
                0x08005a0c                DMA2_Stream6_IRQHandler
 *fill*         0x08005a0e        0x2 
 .text.__libc_init_array
                0x08005a10       0x50 /home/sermountain/gcc-arm-none-eabi-5_4-2016q3/bin/../lib/gcc/arm-none-eabi/5.4.1/../../../../arm-none-eabi/lib/armv7e-m/libg.a(lib_a-init.o)
                0x08005a10                __libc_init_array
 .text.memset   0x08005a60       0x9c /home/sermountain/gcc-arm-none-eabi-5_4-2016q3/bin/../lib/gcc/arm-none-eabi/5.4.1/../../../../arm-none-eabi/lib/armv7e-m/libg.a(lib_a-memset.o)
                0x08005a60                memset
 .text.startup.register_fini
                0x08005afc       0x14 /home/sermountain/gcc-arm-none-eabi-5_4-2016q3/bin/../lib/gcc/arm-none-eabi/5.4.1/../../../../arm-none-eabi/lib/armv7e-m/libg.a(lib_a-__call_atexit.o)
 .text.atexit   0x08005b10        0xc /home/sermountain/gcc-arm-none-eabi-5_4-2016q3/bin/../lib/gcc/arm-none-eabi/5.4.1/../../../../arm-none-eabi/lib/armv7e-m/libg.a(lib_a-atexit.o)
                0x08005b10                atexit
 .text.__libc_fini_array
                0x08005b1c       0x28 /home/sermountain/gcc-arm-none-eabi-5_4-2016q3/bin/../lib/gcc/arm-none-eabi/5.4.1/../../../../arm-none-eabi/lib/armv7e-m/libg.a(lib_a-fini.o)
                0x08005b1c                __libc_fini_array
 .text.__register_exitproc
                0x08005b44       0xa4 /home/sermountain/gcc-arm-none-eabi-5_4-2016q3/bin/../lib/gcc/arm-none-eabi/5.4.1/../../../../arm-none-eabi/lib/armv7e-m/libg.a(lib_a-__atexit.o)
                0x08005b44                __register_exitproc
 *(.glue_7)
 .glue_7        0x08005be8        0x0 linker stubs
 *(.glue_7t)
 .glue_7t       0x08005be8        0x0 linker stubs
 *(.eh_frame)
 .eh_frame      0x08005be8        0x0 /home/sermountain/gcc-arm-none-eabi-5_4-2016q3/bin/../lib/gcc/arm-none-eabi/5.4.1/armv7e-m/crtbegin.o
 *(.init)
 .init          0x08005be8        0x4 /home/sermountain/gcc-arm-none-eabi-5_4-2016q3/bin/../lib/gcc/arm-none-eabi/5.4.1/armv7e-m/crti.o
                0x08005be8                _init
 .init          0x08005bec        0x8 /home/sermountain/gcc-arm-none-eabi-5_4-2016q3/bin/../lib/gcc/arm-none-eabi/5.4.1/armv7e-m/crtn.o
 *(.fini)
 .fini          0x08005bf4        0x4 /home/sermountain/gcc-arm-none-eabi-5_4-2016q3/bin/../lib/gcc/arm-none-eabi/5.4.1/armv7e-m/crti.o
                0x08005bf4                _fini
 .fini          0x08005bf8        0x8 /home/sermountain/gcc-arm-none-eabi-5_4-2016q3/bin/../lib/gcc/arm-none-eabi/5.4.1/armv7e-m/crtn.o
                0x08005c00                . = ALIGN (0x4)
                0x08005c00                _etext = .

.vfp11_veneer   0x08005c00        0x0
 .vfp11_veneer  0x08005c00        0x0 linker stubs

.v4_bx          0x08005c00        0x0
 .v4_bx         0x08005c00        0x0 linker stubs

.iplt           0x08005c00        0x0
 .iplt          0x08005c00        0x0 /home/sermountain/gcc-arm-none-eabi-5_4-2016q3/bin/../lib/gcc/arm-none-eabi/5.4.1/armv7e-m/crtbegin.o

.rodata         0x08005c00       0x48
                0x08005c00                . = ALIGN (0x4)
 *(.rodata)
 *(.rodata*)
 .rodata.linearAccelerationSensitivities
                0x08005c00       0x10 CMakeFiles/xlgyro.elf.dir/Drivers/LSM9DS1/src/lsm9ds1.c.obj
 .rodata.angularRateSensitivities
                0x08005c10        0xc CMakeFiles/xlgyro.elf.dir/Drivers/LSM9DS1/src/lsm9ds1.c.obj
 .rodata.flagBitshiftOffset.7148
                0x08005c1c        0x8 CMakeFiles/xlgyro.elf.dir/Drivers/STM32F4xx_HAL_Driver/Src/stm32f4xx_hal_dma.c.obj
 .rodata.lsm9ds1Config
                0x08005c24        0x7 CMakeFiles/xlgyro.elf.dir/Src/main.c.obj
 *fill*         0x08005c2b        0x1 
 .rodata.AHBPrescTable
                0x08005c2c       0x10 CMakeFiles/xlgyro.elf.dir/Src/system_stm32f4xx.c.obj
                0x08005c2c                AHBPrescTable
 .rodata.APBPrescTable
                0x08005c3c        0x8 CMakeFiles/xlgyro.elf.dir/Src/system_stm32f4xx.c.obj
                0x08005c3c                APBPrescTable
 .rodata._global_impure_ptr
                0x08005c44        0x4 /home/sermountain/gcc-arm-none-eabi-5_4-2016q3/bin/../lib/gcc/arm-none-eabi/5.4.1/../../../../arm-none-eabi/lib/armv7e-m/libg.a(lib_a-impure.o)
                0x08005c44                _global_impure_ptr
                0x08005c48                . = ALIGN (0x4)

.ARM.extab      0x08005c48        0x0
                0x08005c48                . = ALIGN (0x4)
 *(.ARM.extab* .gnu.linkonce.armextab.*)
                0x08005c48                . = ALIGN (0x4)

.ARM            0x08005c48        0x8
                0x08005c48                . = ALIGN (0x4)
                0x08005c48                __exidx_start = .
 *(.ARM.exidx*)
 .ARM.exidx     0x08005c48        0x8 /home/sermountain/gcc-arm-none-eabi-5_4-2016q3/bin/../lib/gcc/arm-none-eabi/5.4.1/armv7e-m/libgcc.a(_udivmoddi4.o)
                0x08005c50                __exidx_end = .
                0x08005c50                . = ALIGN (0x4)

.rel.dyn        0x08005c50        0x0
 .rel.iplt      0x08005c50        0x0 /home/sermountain/gcc-arm-none-eabi-5_4-2016q3/bin/../lib/gcc/arm-none-eabi/5.4.1/armv7e-m/crtbegin.o

.preinit_array  0x08005c50        0x0
                0x08005c50                . = ALIGN (0x4)
                0x08005c50                PROVIDE (__preinit_array_start, .)
 *(.preinit_array*)
                0x08005c50                PROVIDE (__preinit_array_end, .)
                0x08005c50                . = ALIGN (0x4)

.init_array     0x08005c50        0x8
                0x08005c50                . = ALIGN (0x4)
                0x08005c50                PROVIDE (__init_array_start, .)
 *(SORT(.init_array.*))
 .init_array.00000
                0x08005c50        0x4 /home/sermountain/gcc-arm-none-eabi-5_4-2016q3/bin/../lib/gcc/arm-none-eabi/5.4.1/../../../../arm-none-eabi/lib/armv7e-m/libg.a(lib_a-__call_atexit.o)
 *(.init_array*)
 .init_array    0x08005c54        0x4 /home/sermountain/gcc-arm-none-eabi-5_4-2016q3/bin/../lib/gcc/arm-none-eabi/5.4.1/armv7e-m/crtbegin.o
                0x08005c58                PROVIDE (__init_array_end, .)
                0x08005c58                . = ALIGN (0x4)

.fini_array     0x08005c58        0x4
                0x08005c58                . = ALIGN (0x4)
                0x08005c58                PROVIDE (__fini_array_start, .)
 *(SORT(.fini_array.*))
 *(.fini_array*)
 .fini_array    0x08005c58        0x4 /home/sermountain/gcc-arm-none-eabi-5_4-2016q3/bin/../lib/gcc/arm-none-eabi/5.4.1/armv7e-m/crtbegin.o
                0x08005c5c                PROVIDE (__fini_array_end, .)
                0x08005c5c                . = ALIGN (0x4)
                0x08005c5c                _sidata = LOADADDR (.data)

.data           0x20000000      0x438 load address 0x08005c5c
                0x20000000                . = ALIGN (0x4)
                0x20000000                _sdata = .
 *(.data)
 *(.data*)
 .data.uwTickPrio
                0x20000000        0x4 CMakeFiles/xlgyro.elf.dir/Drivers/STM32F4xx_HAL_Driver/Src/stm32f4xx_hal.c.obj
                0x20000000                uwTickPrio
 .data.uwTickFreq
                0x20000004        0x1 CMakeFiles/xlgyro.elf.dir/Drivers/STM32F4xx_HAL_Driver/Src/stm32f4xx_hal.c.obj
                0x20000004                uwTickFreq
 *fill*         0x20000005        0x3 
 .data.SystemCoreClock
                0x20000008        0x4 CMakeFiles/xlgyro.elf.dir/Src/system_stm32f4xx.c.obj
                0x20000008                SystemCoreClock
 *fill*         0x2000000c        0x4 
 .data.impure_data
                0x20000010      0x428 /home/sermountain/gcc-arm-none-eabi-5_4-2016q3/bin/../lib/gcc/arm-none-eabi/5.4.1/../../../../arm-none-eabi/lib/armv7e-m/libg.a(lib_a-impure.o)
                0x20000438                . = ALIGN (0x4)
                0x20000438                _edata = .

.jcr            0x20000438        0x0 load address 0x08006094
 .jcr           0x20000438        0x0 /home/sermountain/gcc-arm-none-eabi-5_4-2016q3/bin/../lib/gcc/arm-none-eabi/5.4.1/armv7e-m/crtbegin.o

.igot.plt       0x20000438        0x0 load address 0x08006094
 .igot.plt      0x20000438        0x0 /home/sermountain/gcc-arm-none-eabi-5_4-2016q3/bin/../lib/gcc/arm-none-eabi/5.4.1/armv7e-m/crtbegin.o
                0x20000438                . = ALIGN (0x4)

.bss            0x20000438     0x7b40 load address 0x08006094
                0x20000438                _sbss = .
                0x20000438                __bss_start__ = _sbss
 *(.bss)
 .bss           0x20000438       0x1c /home/sermountain/gcc-arm-none-eabi-5_4-2016q3/bin/../lib/gcc/arm-none-eabi/5.4.1/armv7e-m/crtbegin.o
 *(.bss*)
 .bss.pLsm9ds1I2cHandle
                0x20000454        0x4 CMakeFiles/xlgyro.elf.dir/Drivers/LSM9DS1/src/lsm9ds1.c.obj
 .bss.accelResolution
                0x20000458        0x4 CMakeFiles/xlgyro.elf.dir/Drivers/LSM9DS1/src/lsm9ds1.c.obj
 .bss.gyroResolution
                0x2000045c        0x4 CMakeFiles/xlgyro.elf.dir/Drivers/LSM9DS1/src/lsm9ds1.c.obj
 .bss.xlGyroCalibrated
                0x20000460        0x1 CMakeFiles/xlgyro.elf.dir/Drivers/LSM9DS1/src/lsm9ds1.c.obj
 *fill*         0x20000461        0x3 
 .bss.xlBiasRaw
                0x20000464        0x6 CMakeFiles/xlgyro.elf.dir/Drivers/LSM9DS1/src/lsm9ds1.c.obj
 *fill*         0x2000046a        0x2 
 .bss.xlBias    0x2000046c        0xc CMakeFiles/xlgyro.elf.dir/Drivers/LSM9DS1/src/lsm9ds1.c.obj
 .bss.xlSlidingWindow
                0x20000478       0xd0 CMakeFiles/xlgyro.elf.dir/Drivers/LSM9DS1/src/lsm9ds1.c.obj
 .bss.gBiasRaw  0x20000548        0x6 CMakeFiles/xlgyro.elf.dir/Drivers/LSM9DS1/src/lsm9ds1.c.obj
 *fill*         0x2000054e        0x2 
 .bss.gBias     0x20000550        0xc CMakeFiles/xlgyro.elf.dir/Drivers/LSM9DS1/src/lsm9ds1.c.obj
 .bss.gSlidingWindow
                0x2000055c       0xd0 CMakeFiles/xlgyro.elf.dir/Drivers/LSM9DS1/src/lsm9ds1.c.obj
 .bss.uwTick    0x2000062c        0x4 CMakeFiles/xlgyro.elf.dir/Drivers/STM32F4xx_HAL_Driver/Src/stm32f4xx_hal.c.obj
                0x2000062c                uwTick
 .bss.hi2c1     0x20000630       0x54 CMakeFiles/xlgyro.elf.dir/Src/main.c.obj
                0x20000630                hi2c1
 .bss.htim6     0x20000684       0x40 CMakeFiles/xlgyro.elf.dir/Src/main.c.obj
                0x20000684                htim6
 .bss.huart3    0x200006c4       0x40 CMakeFiles/xlgyro.elf.dir/Src/main.c.obj
                0x200006c4                huart3
 .bss.hdma_usart3_tx
                0x20000704       0x60 CMakeFiles/xlgyro.elf.dir/Src/main.c.obj
                0x20000704                hdma_usart3_tx
 .bss.data      0x20000764     0x6010 CMakeFiles/xlgyro.elf.dir/Src/main.c.obj
                0x20000764                data
 .bss.txBuf     0x20006774     0x1800 CMakeFiles/xlgyro.elf.dir/Src/main.c.obj
                0x20006774                txBuf
 .bss.sendData  0x20007f74        0x1 CMakeFiles/xlgyro.elf.dir/Src/main.c.obj
 .bss.inProgress
                0x20007f75        0x1 CMakeFiles/xlgyro.elf.dir/Src/main.c.obj
 *(COMMON)
                0x20007f78                . = ALIGN (0x4)
 *fill*         0x20007f76        0x2 
                0x20007f78                _ebss = .
                0x20007f78                __bss_end__ = _ebss

._user_heap_stack
                0x20007f78      0x600 load address 0x08006094
                0x20007f78                . = ALIGN (0x8)
                0x20007f78                PROVIDE (end, .)
                [!provide]                PROVIDE (_end, .)
                0x20008178                . = (. + _Min_Heap_Size)
 *fill*         0x20007f78      0x200 
                0x20008578                . = (. + _Min_Stack_Size)
 *fill*         0x20008178      0x400 
                0x20008578                . = ALIGN (0x8)

/DISCARD/
 libc.a(*)
 libm.a(*)
 libgcc.a(*)

.ARM.attributes
                0x00000000       0x2a
 *(.ARM.attributes)
 .ARM.attributes
                0x00000000       0x1e /home/sermountain/gcc-arm-none-eabi-5_4-2016q3/bin/../lib/gcc/arm-none-eabi/5.4.1/armv7e-m/crti.o
 .ARM.attributes
                0x0000001e       0x2e /home/sermountain/gcc-arm-none-eabi-5_4-2016q3/bin/../lib/gcc/arm-none-eabi/5.4.1/armv7e-m/crtbegin.o
 .ARM.attributes
                0x0000004c       0x33 CMakeFiles/xlgyro.elf.dir/Drivers/LSM9DS1/src/lsm9ds1.c.obj
 .ARM.attributes
                0x0000007f       0x33 CMakeFiles/xlgyro.elf.dir/Drivers/STM32F4xx_HAL_Driver/Src/stm32f4xx_hal.c.obj
 .ARM.attributes
                0x000000b2       0x33 CMakeFiles/xlgyro.elf.dir/Drivers/STM32F4xx_HAL_Driver/Src/stm32f4xx_hal_cortex.c.obj
 .ARM.attributes
                0x000000e5       0x33 CMakeFiles/xlgyro.elf.dir/Drivers/STM32F4xx_HAL_Driver/Src/stm32f4xx_hal_dma.c.obj
 .ARM.attributes
                0x00000118       0x33 CMakeFiles/xlgyro.elf.dir/Drivers/STM32F4xx_HAL_Driver/Src/stm32f4xx_hal_gpio.c.obj
 .ARM.attributes
                0x0000014b       0x33 CMakeFiles/xlgyro.elf.dir/Drivers/STM32F4xx_HAL_Driver/Src/stm32f4xx_hal_i2c.c.obj
 .ARM.attributes
                0x0000017e       0x33 CMakeFiles/xlgyro.elf.dir/Drivers/STM32F4xx_HAL_Driver/Src/stm32f4xx_hal_rcc.c.obj
 .ARM.attributes
                0x000001b1       0x33 CMakeFiles/xlgyro.elf.dir/Drivers/STM32F4xx_HAL_Driver/Src/stm32f4xx_hal_tim.c.obj
 .ARM.attributes
                0x000001e4       0x33 CMakeFiles/xlgyro.elf.dir/Drivers/STM32F4xx_HAL_Driver/Src/stm32f4xx_hal_tim_ex.c.obj
 .ARM.attributes
                0x00000217       0x33 CMakeFiles/xlgyro.elf.dir/Drivers/STM32F4xx_HAL_Driver/Src/stm32f4xx_hal_uart.c.obj
 .ARM.attributes
                0x0000024a       0x33 CMakeFiles/xlgyro.elf.dir/Src/main.c.obj
 .ARM.attributes
                0x0000027d       0x33 CMakeFiles/xlgyro.elf.dir/Src/stm32f4xx_hal_msp.c.obj
 .ARM.attributes
                0x000002b0       0x33 CMakeFiles/xlgyro.elf.dir/Src/stm32f4xx_it.c.obj
 .ARM.attributes
                0x000002e3       0x33 CMakeFiles/xlgyro.elf.dir/Src/system_stm32f4xx.c.obj
 .ARM.attributes
                0x00000316       0x21 CMakeFiles/xlgyro.elf.dir/Startup/startup_stm32f407vgtx.s.obj
 .ARM.attributes
                0x00000337       0x1e /home/sermountain/gcc-arm-none-eabi-5_4-2016q3/bin/../lib/gcc/arm-none-eabi/5.4.1/armv7e-m/libgcc.a(_arm_addsubsf3.o)
 .ARM.attributes
                0x00000355       0x1e /home/sermountain/gcc-arm-none-eabi-5_4-2016q3/bin/../lib/gcc/arm-none-eabi/5.4.1/armv7e-m/libgcc.a(_arm_muldivsf3.o)
 .ARM.attributes
                0x00000373       0x1e /home/sermountain/gcc-arm-none-eabi-5_4-2016q3/bin/../lib/gcc/arm-none-eabi/5.4.1/armv7e-m/libgcc.a(_aeabi_uldivmod.o)
 .ARM.attributes
                0x00000391       0x2e /home/sermountain/gcc-arm-none-eabi-5_4-2016q3/bin/../lib/gcc/arm-none-eabi/5.4.1/armv7e-m/libgcc.a(_udivmoddi4.o)
 .ARM.attributes
                0x000003bf       0x1e /home/sermountain/gcc-arm-none-eabi-5_4-2016q3/bin/../lib/gcc/arm-none-eabi/5.4.1/armv7e-m/libgcc.a(_dvmd_tls.o)
 .ARM.attributes
                0x000003dd       0x2e /home/sermountain/gcc-arm-none-eabi-5_4-2016q3/bin/../lib/gcc/arm-none-eabi/5.4.1/../../../../arm-none-eabi/lib/armv7e-m/libg.a(lib_a-impure.o)
 .ARM.attributes
                0x0000040b       0x2e /home/sermountain/gcc-arm-none-eabi-5_4-2016q3/bin/../lib/gcc/arm-none-eabi/5.4.1/../../../../arm-none-eabi/lib/armv7e-m/libg.a(lib_a-init.o)
 .ARM.attributes
                0x00000439       0x1c /home/sermountain/gcc-arm-none-eabi-5_4-2016q3/bin/../lib/gcc/arm-none-eabi/5.4.1/../../../../arm-none-eabi/lib/armv7e-m/libg.a(lib_a-memcpy.o)
 .ARM.attributes
                0x00000455       0x2e /home/sermountain/gcc-arm-none-eabi-5_4-2016q3/bin/../lib/gcc/arm-none-eabi/5.4.1/../../../../arm-none-eabi/lib/armv7e-m/libg.a(lib_a-memset.o)
 .ARM.attributes
                0x00000483       0x2e /home/sermountain/gcc-arm-none-eabi-5_4-2016q3/bin/../lib/gcc/arm-none-eabi/5.4.1/../../../../arm-none-eabi/lib/armv7e-m/libg.a(lib_a-__call_atexit.o)
 .ARM.attributes
                0x000004b1       0x2e /home/sermountain/gcc-arm-none-eabi-5_4-2016q3/bin/../lib/gcc/arm-none-eabi/5.4.1/../../../../arm-none-eabi/lib/armv7e-m/libg.a(lib_a-atexit.o)
 .ARM.attributes
                0x000004df       0x2e /home/sermountain/gcc-arm-none-eabi-5_4-2016q3/bin/../lib/gcc/arm-none-eabi/5.4.1/../../../../arm-none-eabi/lib/armv7e-m/libg.a(lib_a-fini.o)
 .ARM.attributes
                0x0000050d       0x2e /home/sermountain/gcc-arm-none-eabi-5_4-2016q3/bin/../lib/gcc/arm-none-eabi/5.4.1/../../../../arm-none-eabi/lib/armv7e-m/libg.a(lib_a-__atexit.o)
 .ARM.attributes
                0x0000053b       0x1e /home/sermountain/gcc-arm-none-eabi-5_4-2016q3/bin/../lib/gcc/arm-none-eabi/5.4.1/armv7e-m/crtn.o
OUTPUT(xlgyro.elf elf32-littlearm)

.debug_info     0x00000000     0xe5a9
 .debug_info    0x00000000     0x15b9 CMakeFiles/xlgyro.elf.dir/Drivers/LSM9DS1/src/lsm9ds1.c.obj
 .debug_info    0x000015b9      0x8c9 CMakeFiles/xlgyro.elf.dir/Drivers/STM32F4xx_HAL_Driver/Src/stm32f4xx_hal.c.obj
 .debug_info    0x00001e82      0xd90 CMakeFiles/xlgyro.elf.dir/Drivers/STM32F4xx_HAL_Driver/Src/stm32f4xx_hal_cortex.c.obj
 .debug_info    0x00002c12      0x8e1 CMakeFiles/xlgyro.elf.dir/Drivers/STM32F4xx_HAL_Driver/Src/stm32f4xx_hal_dma.c.obj
 .debug_info    0x000034f3      0x708 CMakeFiles/xlgyro.elf.dir/Drivers/STM32F4xx_HAL_Driver/Src/stm32f4xx_hal_gpio.c.obj
 .debug_info    0x00003bfb     0x2314 CMakeFiles/xlgyro.elf.dir/Drivers/STM32F4xx_HAL_Driver/Src/stm32f4xx_hal_i2c.c.obj
 .debug_info    0x00005f0f      0x8b2 CMakeFiles/xlgyro.elf.dir/Drivers/STM32F4xx_HAL_Driver/Src/stm32f4xx_hal_rcc.c.obj
 .debug_info    0x000067c1     0x23e6 CMakeFiles/xlgyro.elf.dir/Drivers/STM32F4xx_HAL_Driver/Src/stm32f4xx_hal_tim.c.obj
 .debug_info    0x00008ba7     0x1091 CMakeFiles/xlgyro.elf.dir/Drivers/STM32F4xx_HAL_Driver/Src/stm32f4xx_hal_tim_ex.c.obj
 .debug_info    0x00009c38     0x11a1 CMakeFiles/xlgyro.elf.dir/Drivers/STM32F4xx_HAL_Driver/Src/stm32f4xx_hal_uart.c.obj
 .debug_info    0x0000add9     0x199c CMakeFiles/xlgyro.elf.dir/Src/main.c.obj
 .debug_info    0x0000c775     0x10cf CMakeFiles/xlgyro.elf.dir/Src/stm32f4xx_hal_msp.c.obj
 .debug_info    0x0000d844      0x880 CMakeFiles/xlgyro.elf.dir/Src/stm32f4xx_it.c.obj
 .debug_info    0x0000e0c4      0x4e5 CMakeFiles/xlgyro.elf.dir/Src/system_stm32f4xx.c.obj

.debug_abbrev   0x00000000     0x1ce1
 .debug_abbrev  0x00000000      0x2f1 CMakeFiles/xlgyro.elf.dir/Drivers/LSM9DS1/src/lsm9ds1.c.obj
 .debug_abbrev  0x000002f1      0x1c4 CMakeFiles/xlgyro.elf.dir/Drivers/STM32F4xx_HAL_Driver/Src/stm32f4xx_hal.c.obj
 .debug_abbrev  0x000004b5      0x2e2 CMakeFiles/xlgyro.elf.dir/Drivers/STM32F4xx_HAL_Driver/Src/stm32f4xx_hal_cortex.c.obj
 .debug_abbrev  0x00000797      0x224 CMakeFiles/xlgyro.elf.dir/Drivers/STM32F4xx_HAL_Driver/Src/stm32f4xx_hal_dma.c.obj
 .debug_abbrev  0x000009bb      0x1aa CMakeFiles/xlgyro.elf.dir/Drivers/STM32F4xx_HAL_Driver/Src/stm32f4xx_hal_gpio.c.obj
 .debug_abbrev  0x00000b65      0x21a CMakeFiles/xlgyro.elf.dir/Drivers/STM32F4xx_HAL_Driver/Src/stm32f4xx_hal_i2c.c.obj
 .debug_abbrev  0x00000d7f      0x23e CMakeFiles/xlgyro.elf.dir/Drivers/STM32F4xx_HAL_Driver/Src/stm32f4xx_hal_rcc.c.obj
 .debug_abbrev  0x00000fbd      0x1f5 CMakeFiles/xlgyro.elf.dir/Drivers/STM32F4xx_HAL_Driver/Src/stm32f4xx_hal_tim.c.obj
 .debug_abbrev  0x000011b2      0x1fd CMakeFiles/xlgyro.elf.dir/Drivers/STM32F4xx_HAL_Driver/Src/stm32f4xx_hal_tim_ex.c.obj
 .debug_abbrev  0x000013af      0x1f7 CMakeFiles/xlgyro.elf.dir/Drivers/STM32F4xx_HAL_Driver/Src/stm32f4xx_hal_uart.c.obj
 .debug_abbrev  0x000015a6      0x331 CMakeFiles/xlgyro.elf.dir/Src/main.c.obj
 .debug_abbrev  0x000018d7      0x1c1 CMakeFiles/xlgyro.elf.dir/Src/stm32f4xx_hal_msp.c.obj
 .debug_abbrev  0x00001a98      0x14a CMakeFiles/xlgyro.elf.dir/Src/stm32f4xx_it.c.obj
 .debug_abbrev  0x00001be2       0xff CMakeFiles/xlgyro.elf.dir/Src/system_stm32f4xx.c.obj

.debug_aranges  0x00000000      0xef0
 .debug_aranges
                0x00000000       0xa8 CMakeFiles/xlgyro.elf.dir/Drivers/LSM9DS1/src/lsm9ds1.c.obj
 .debug_aranges
                0x000000a8       0xf0 CMakeFiles/xlgyro.elf.dir/Drivers/STM32F4xx_HAL_Driver/Src/stm32f4xx_hal.c.obj
 .debug_aranges
                0x00000198      0x118 CMakeFiles/xlgyro.elf.dir/Drivers/STM32F4xx_HAL_Driver/Src/stm32f4xx_hal_cortex.c.obj
 .debug_aranges
                0x000002b0       0x90 CMakeFiles/xlgyro.elf.dir/Drivers/STM32F4xx_HAL_Driver/Src/stm32f4xx_hal_dma.c.obj
 .debug_aranges
                0x00000340       0x58 CMakeFiles/xlgyro.elf.dir/Drivers/STM32F4xx_HAL_Driver/Src/stm32f4xx_hal_gpio.c.obj
 .debug_aranges
                0x00000398      0x298 CMakeFiles/xlgyro.elf.dir/Drivers/STM32F4xx_HAL_Driver/Src/stm32f4xx_hal_i2c.c.obj
 .debug_aranges
                0x00000630       0x88 CMakeFiles/xlgyro.elf.dir/Drivers/STM32F4xx_HAL_Driver/Src/stm32f4xx_hal_rcc.c.obj
 .debug_aranges
                0x000006b8      0x3a8 CMakeFiles/xlgyro.elf.dir/Drivers/STM32F4xx_HAL_Driver/Src/stm32f4xx_hal_tim.c.obj
 .debug_aranges
                0x00000a60      0x150 CMakeFiles/xlgyro.elf.dir/Drivers/STM32F4xx_HAL_Driver/Src/stm32f4xx_hal_tim_ex.c.obj
 .debug_aranges
                0x00000bb0      0x1d0 CMakeFiles/xlgyro.elf.dir/Drivers/STM32F4xx_HAL_Driver/Src/stm32f4xx_hal_uart.c.obj
 .debug_aranges
                0x00000d80       0x80 CMakeFiles/xlgyro.elf.dir/Src/main.c.obj
 .debug_aranges
                0x00000e00       0x50 CMakeFiles/xlgyro.elf.dir/Src/stm32f4xx_hal_msp.c.obj
 .debug_aranges
                0x00000e50       0x78 CMakeFiles/xlgyro.elf.dir/Src/stm32f4xx_it.c.obj
 .debug_aranges
                0x00000ec8       0x28 CMakeFiles/xlgyro.elf.dir/Src/system_stm32f4xx.c.obj

.debug_ranges   0x00000000      0xe60
 .debug_ranges  0x00000000       0xc8 CMakeFiles/xlgyro.elf.dir/Drivers/LSM9DS1/src/lsm9ds1.c.obj
 .debug_ranges  0x000000c8       0xe0 CMakeFiles/xlgyro.elf.dir/Drivers/STM32F4xx_HAL_Driver/Src/stm32f4xx_hal.c.obj
 .debug_ranges  0x000001a8      0x108 CMakeFiles/xlgyro.elf.dir/Drivers/STM32F4xx_HAL_Driver/Src/stm32f4xx_hal_cortex.c.obj
 .debug_ranges  0x000002b0       0x80 CMakeFiles/xlgyro.elf.dir/Drivers/STM32F4xx_HAL_Driver/Src/stm32f4xx_hal_dma.c.obj
 .debug_ranges  0x00000330       0x48 CMakeFiles/xlgyro.elf.dir/Drivers/STM32F4xx_HAL_Driver/Src/stm32f4xx_hal_gpio.c.obj
 .debug_ranges  0x00000378      0x2a8 CMakeFiles/xlgyro.elf.dir/Drivers/STM32F4xx_HAL_Driver/Src/stm32f4xx_hal_i2c.c.obj
 .debug_ranges  0x00000620       0x78 CMakeFiles/xlgyro.elf.dir/Drivers/STM32F4xx_HAL_Driver/Src/stm32f4xx_hal_rcc.c.obj
 .debug_ranges  0x00000698      0x398 CMakeFiles/xlgyro.elf.dir/Drivers/STM32F4xx_HAL_Driver/Src/stm32f4xx_hal_tim.c.obj
 .debug_ranges  0x00000a30      0x140 CMakeFiles/xlgyro.elf.dir/Drivers/STM32F4xx_HAL_Driver/Src/stm32f4xx_hal_tim_ex.c.obj
 .debug_ranges  0x00000b70      0x1c0 CMakeFiles/xlgyro.elf.dir/Drivers/STM32F4xx_HAL_Driver/Src/stm32f4xx_hal_uart.c.obj
 .debug_ranges  0x00000d30       0x70 CMakeFiles/xlgyro.elf.dir/Src/main.c.obj
 .debug_ranges  0x00000da0       0x40 CMakeFiles/xlgyro.elf.dir/Src/stm32f4xx_hal_msp.c.obj
 .debug_ranges  0x00000de0       0x68 CMakeFiles/xlgyro.elf.dir/Src/stm32f4xx_it.c.obj
 .debug_ranges  0x00000e48       0x18 CMakeFiles/xlgyro.elf.dir/Src/system_stm32f4xx.c.obj

.debug_line     0x00000000     0x6a6b
 .debug_line    0x00000000      0x5a5 CMakeFiles/xlgyro.elf.dir/Drivers/LSM9DS1/src/lsm9ds1.c.obj
 .debug_line    0x000005a5      0x459 CMakeFiles/xlgyro.elf.dir/Drivers/STM32F4xx_HAL_Driver/Src/stm32f4xx_hal.c.obj
 .debug_line    0x000009fe      0x569 CMakeFiles/xlgyro.elf.dir/Drivers/STM32F4xx_HAL_Driver/Src/stm32f4xx_hal_cortex.c.obj
 .debug_line    0x00000f67      0x52b CMakeFiles/xlgyro.elf.dir/Drivers/STM32F4xx_HAL_Driver/Src/stm32f4xx_hal_dma.c.obj
 .debug_line    0x00001492      0x427 CMakeFiles/xlgyro.elf.dir/Drivers/STM32F4xx_HAL_Driver/Src/stm32f4xx_hal_gpio.c.obj
 .debug_line    0x000018b9     0x16ae CMakeFiles/xlgyro.elf.dir/Drivers/STM32F4xx_HAL_Driver/Src/stm32f4xx_hal_i2c.c.obj
 .debug_line    0x00002f67      0x4fa CMakeFiles/xlgyro.elf.dir/Drivers/STM32F4xx_HAL_Driver/Src/stm32f4xx_hal_rcc.c.obj
 .debug_line    0x00003461     0x14d7 CMakeFiles/xlgyro.elf.dir/Drivers/STM32F4xx_HAL_Driver/Src/stm32f4xx_hal_tim.c.obj
 .debug_line    0x00004938      0x88e CMakeFiles/xlgyro.elf.dir/Drivers/STM32F4xx_HAL_Driver/Src/stm32f4xx_hal_tim_ex.c.obj
 .debug_line    0x000051c6      0xb6d CMakeFiles/xlgyro.elf.dir/Drivers/STM32F4xx_HAL_Driver/Src/stm32f4xx_hal_uart.c.obj
 .debug_line    0x00005d33      0x51e CMakeFiles/xlgyro.elf.dir/Src/main.c.obj
 .debug_line    0x00006251      0x31d CMakeFiles/xlgyro.elf.dir/Src/stm32f4xx_hal_msp.c.obj
 .debug_line    0x0000656e      0x31b CMakeFiles/xlgyro.elf.dir/Src/stm32f4xx_it.c.obj
 .debug_line    0x00006889      0x1e2 CMakeFiles/xlgyro.elf.dir/Src/system_stm32f4xx.c.obj

.debug_str      0x00000000     0x5197
 .debug_str     0x00000000     0x1226 CMakeFiles/xlgyro.elf.dir/Drivers/LSM9DS1/src/lsm9ds1.c.obj
                               0x1314 (size before relaxing)
 .debug_str     0x00001226      0x94f CMakeFiles/xlgyro.elf.dir/Drivers/STM32F4xx_HAL_Driver/Src/stm32f4xx_hal.c.obj
                                0xb27 (size before relaxing)
 .debug_str     0x00001b75      0x507 CMakeFiles/xlgyro.elf.dir/Drivers/STM32F4xx_HAL_Driver/Src/stm32f4xx_hal_cortex.c.obj
                                0xc2c (size before relaxing)
 .debug_str     0x0000207c      0x333 CMakeFiles/xlgyro.elf.dir/Drivers/STM32F4xx_HAL_Driver/Src/stm32f4xx_hal_dma.c.obj
                                0x77c (size before relaxing)
 .debug_str     0x000023af      0x1e7 CMakeFiles/xlgyro.elf.dir/Drivers/STM32F4xx_HAL_Driver/Src/stm32f4xx_hal_gpio.c.obj
                                0x4f2 (size before relaxing)
 .debug_str     0x00002596      0x8c4 CMakeFiles/xlgyro.elf.dir/Drivers/STM32F4xx_HAL_Driver/Src/stm32f4xx_hal_i2c.c.obj
                                0xfd2 (size before relaxing)
 .debug_str     0x00002e5a      0x31f CMakeFiles/xlgyro.elf.dir/Drivers/STM32F4xx_HAL_Driver/Src/stm32f4xx_hal_rcc.c.obj
                                0x6e0 (size before relaxing)
 .debug_str     0x00003179      0xfd9 CMakeFiles/xlgyro.elf.dir/Drivers/STM32F4xx_HAL_Driver/Src/stm32f4xx_hal_tim.c.obj
                               0x146a (size before relaxing)
 .debug_str     0x00004152      0x593 CMakeFiles/xlgyro.elf.dir/Drivers/STM32F4xx_HAL_Driver/Src/stm32f4xx_hal_tim_ex.c.obj
                                0xc6a (size before relaxing)
 .debug_str     0x000046e5      0x6da CMakeFiles/xlgyro.elf.dir/Drivers/STM32F4xx_HAL_Driver/Src/stm32f4xx_hal_uart.c.obj
                                0xbbc (size before relaxing)
 .debug_str     0x00004dbf      0x23c CMakeFiles/xlgyro.elf.dir/Src/main.c.obj
                               0x1aba (size before relaxing)
 .debug_str     0x00004ffb       0x3f CMakeFiles/xlgyro.elf.dir/Src/stm32f4xx_hal_msp.c.obj
                               0x1154 (size before relaxing)
 .debug_str     0x0000503a       0xfe CMakeFiles/xlgyro.elf.dir/Src/stm32f4xx_it.c.obj
                                0x893 (size before relaxing)
 .debug_str     0x00005138       0x5f CMakeFiles/xlgyro.elf.dir/Src/system_stm32f4xx.c.obj
                                0x382 (size before relaxing)

.comment        0x00000000       0x6e
 .comment       0x00000000       0x6e CMakeFiles/xlgyro.elf.dir/Drivers/LSM9DS1/src/lsm9ds1.c.obj
                                 0x6f (size before relaxing)
 .comment       0x0000006e       0x6f CMakeFiles/xlgyro.elf.dir/Drivers/STM32F4xx_HAL_Driver/Src/stm32f4xx_hal.c.obj
 .comment       0x0000006e       0x6f CMakeFiles/xlgyro.elf.dir/Drivers/STM32F4xx_HAL_Driver/Src/stm32f4xx_hal_cortex.c.obj
 .comment       0x0000006e       0x6f CMakeFiles/xlgyro.elf.dir/Drivers/STM32F4xx_HAL_Driver/Src/stm32f4xx_hal_dma.c.obj
 .comment       0x0000006e       0x6f CMakeFiles/xlgyro.elf.dir/Drivers/STM32F4xx_HAL_Driver/Src/stm32f4xx_hal_gpio.c.obj
 .comment       0x0000006e       0x6f CMakeFiles/xlgyro.elf.dir/Drivers/STM32F4xx_HAL_Driver/Src/stm32f4xx_hal_i2c.c.obj
 .comment       0x0000006e       0x6f CMakeFiles/xlgyro.elf.dir/Drivers/STM32F4xx_HAL_Driver/Src/stm32f4xx_hal_rcc.c.obj
 .comment       0x0000006e       0x6f CMakeFiles/xlgyro.elf.dir/Drivers/STM32F4xx_HAL_Driver/Src/stm32f4xx_hal_tim.c.obj
 .comment       0x0000006e       0x6f CMakeFiles/xlgyro.elf.dir/Drivers/STM32F4xx_HAL_Driver/Src/stm32f4xx_hal_tim_ex.c.obj
 .comment       0x0000006e       0x6f CMakeFiles/xlgyro.elf.dir/Drivers/STM32F4xx_HAL_Driver/Src/stm32f4xx_hal_uart.c.obj
 .comment       0x0000006e       0x6f CMakeFiles/xlgyro.elf.dir/Src/main.c.obj
 .comment       0x0000006e       0x6f CMakeFiles/xlgyro.elf.dir/Src/stm32f4xx_hal_msp.c.obj
 .comment       0x0000006e       0x6f CMakeFiles/xlgyro.elf.dir/Src/stm32f4xx_it.c.obj
 .comment       0x0000006e       0x6f CMakeFiles/xlgyro.elf.dir/Src/system_stm32f4xx.c.obj

.debug_frame    0x00000000     0x41b0
 .debug_frame   0x00000000      0x2a8 CMakeFiles/xlgyro.elf.dir/Drivers/LSM9DS1/src/lsm9ds1.c.obj
 .debug_frame   0x000002a8      0x374 CMakeFiles/xlgyro.elf.dir/Drivers/STM32F4xx_HAL_Driver/Src/stm32f4xx_hal.c.obj
 .debug_frame   0x0000061c      0x498 CMakeFiles/xlgyro.elf.dir/Drivers/STM32F4xx_HAL_Driver/Src/stm32f4xx_hal_cortex.c.obj
 .debug_frame   0x00000ab4      0x250 CMakeFiles/xlgyro.elf.dir/Drivers/STM32F4xx_HAL_Driver/Src/stm32f4xx_hal_dma.c.obj
 .debug_frame   0x00000d04      0x14c CMakeFiles/xlgyro.elf.dir/Drivers/STM32F4xx_HAL_Driver/Src/stm32f4xx_hal_gpio.c.obj
 .debug_frame   0x00000e50      0xc38 CMakeFiles/xlgyro.elf.dir/Drivers/STM32F4xx_HAL_Driver/Src/stm32f4xx_hal_i2c.c.obj
 .debug_frame   0x00001a88      0x1f8 CMakeFiles/xlgyro.elf.dir/Drivers/STM32F4xx_HAL_Driver/Src/stm32f4xx_hal_rcc.c.obj
 .debug_frame   0x00001c80     0x10f0 CMakeFiles/xlgyro.elf.dir/Drivers/STM32F4xx_HAL_Driver/Src/stm32f4xx_hal_tim.c.obj
 .debug_frame   0x00002d70      0x5c0 CMakeFiles/xlgyro.elf.dir/Drivers/STM32F4xx_HAL_Driver/Src/stm32f4xx_hal_tim_ex.c.obj
 .debug_frame   0x00003330      0x844 CMakeFiles/xlgyro.elf.dir/Drivers/STM32F4xx_HAL_Driver/Src/stm32f4xx_hal_uart.c.obj
 .debug_frame   0x00003b74      0x1dc CMakeFiles/xlgyro.elf.dir/Src/main.c.obj
 .debug_frame   0x00003d50      0x110 CMakeFiles/xlgyro.elf.dir/Src/stm32f4xx_hal_msp.c.obj
 .debug_frame   0x00003e60      0x160 CMakeFiles/xlgyro.elf.dir/Src/stm32f4xx_it.c.obj
 .debug_frame   0x00003fc0       0x58 CMakeFiles/xlgyro.elf.dir/Src/system_stm32f4xx.c.obj
 .debug_frame   0x00004018       0x2c /home/sermountain/gcc-arm-none-eabi-5_4-2016q3/bin/../lib/gcc/arm-none-eabi/5.4.1/armv7e-m/libgcc.a(_aeabi_uldivmod.o)
 .debug_frame   0x00004044       0x34 /home/sermountain/gcc-arm-none-eabi-5_4-2016q3/bin/../lib/gcc/arm-none-eabi/5.4.1/armv7e-m/libgcc.a(_udivmoddi4.o)
 .debug_frame   0x00004078       0x2c /home/sermountain/gcc-arm-none-eabi-5_4-2016q3/bin/../lib/gcc/arm-none-eabi/5.4.1/../../../../arm-none-eabi/lib/armv7e-m/libg.a(lib_a-init.o)
 .debug_frame   0x000040a4       0x34 /home/sermountain/gcc-arm-none-eabi-5_4-2016q3/bin/../lib/gcc/arm-none-eabi/5.4.1/../../../../arm-none-eabi/lib/armv7e-m/libg.a(lib_a-memset.o)
 .debug_frame   0x000040d8       0x50 /home/sermountain/gcc-arm-none-eabi-5_4-2016q3/bin/../lib/gcc/arm-none-eabi/5.4.1/../../../../arm-none-eabi/lib/armv7e-m/libg.a(lib_a-__call_atexit.o)
 .debug_frame   0x00004128       0x20 /home/sermountain/gcc-arm-none-eabi-5_4-2016q3/bin/../lib/gcc/arm-none-eabi/5.4.1/../../../../arm-none-eabi/lib/armv7e-m/libg.a(lib_a-atexit.o)
 .debug_frame   0x00004148       0x34 /home/sermountain/gcc-arm-none-eabi-5_4-2016q3/bin/../lib/gcc/arm-none-eabi/5.4.1/../../../../arm-none-eabi/lib/armv7e-m/libg.a(lib_a-fini.o)
 .debug_frame   0x0000417c       0x34 /home/sermountain/gcc-arm-none-eabi-5_4-2016q3/bin/../lib/gcc/arm-none-eabi/5.4.1/../../../../arm-none-eabi/lib/armv7e-m/libg.a(lib_a-__atexit.o)
